// Jest Snapshot v1, https://goo.gl/fbAQLP

exports[`Toaster should render toaster successfully 1`] = `
<body>
  <div>
    <div
      class="Toastify"
    />
  </div>
</body>
`;
