// Jest Snapshot v1, https://goo.gl/fbAQLP

exports[`Button should render button successfully 1`] = `
<body>
  <div>
    <button
      class="button"
      label="Click me"
      role="button"
    >
      Click me
    </button>
  </div>
</body>
`;
