// Jest Snapshot v1, https://goo.gl/fbAQLP

exports[`ContactList should render ContactList successfully 1`] = `
<body>
  <div>
    <div
      class="flex justify-center items-center p-8 mt-8"
    >
      <h5>
        The 
        contacts
         
         are empty...
      </h5>
    </div>
    <div
      class="flex flex-wrap gap-4 px-4 mt-4"
    />
  </div>
</body>
`;
