// Jest Snapshot v1, https://goo.gl/fbAQLP

exports[`Button should render button successfully 1`] = `
<body>
  <div>
    <div>
      Modal
    </div>
  </div>
</body>
`;
