// Jest Snapshot v1, https://goo.gl/fbAQLP

exports[`Input should render input successfully 1`] = `
<body>
  <div>
    <div
      class="relative"
    >
      <input
        class="input"
        placeholder="Search ..."
      />
    </div>
  </div>
</body>
`;
